{
  "kind": 19,
  "start": -1,
  "end": -1,
  "children": [
    {
      "kind": 69,
      "start": 610,
      "end": 2045,
      "children": [
        {
          "kind": 62,
          "start": 618,
          "end": 660,
          "text": "com.deCampredon.flexAcacia.validation.core",
          "children": []
        },
        {
          "kind": 25,
          "start": 666,
          "end": 2042,
          "children": [
            {
              "kind": 47,
              "start": 666,
              "end": 695,
              "text": "flash.events.IEventDispatcher",
              "children": []
            },
            {
              "kind": 51,
              "start": 831,
              "end": 2042,
              "children": [
                {
                  "kind": 6,
                  "start": 1229,
                  "end": 2457,
                  "text": "/**\r\n\t * This interface specifies methods and property that a constraint Object must implement.\r\n\t * \r\n\t * @author Francois de Campredon\r\n\t */",
                  "children": []
                },
                {
                  "kind": 62,
                  "start": 1262,
                  "end": 1272,
                  "text": "Constraint",
                  "children": []
                },
                {
                  "kind": 56,
                  "start": 831,
                  "end": 1083,
                  "children": [
                    {
                      "kind": 55,
                      "start": 831,
                      "end": 892,
                      "text": "[Event(name=\"valid\",type=\"mx.events.ValidationResultEvent\")]",
                      "children": []
                    },
                    {
                      "kind": 55,
                      "start": 1020,
                      "end": 1083,
                      "text": "[Event(name=\"invalid\",type=\"mx.events.ValidationResultEvent\")]",
                      "children": []
                    }
                  ]
                },
                {
                  "kind": 58,
                  "start": 1234,
                  "end": 1240,
                  "children": [
                    {
                      "kind": 59,
                      "start": 1234,
                      "end": 1240,
                      "text": "public",
                      "children": []
                    }
                  ]
                },
                {
                  "kind": 37,
                  "start": 1289,
                  "end": 1305,
                  "text": "IEventDispatcher",
                  "children": []
                },
                {
                  "kind": 25,
                  "start": 1306,
                  "end": 2037,
                  "children": [
                    {
                      "kind": 47,
                      "start": 1306,
                      "end": 1317,
                      "text": "something.*",
                      "children": []
                    },
                    {
                      "kind": 49,
                      "start": 1345,
                      "end": 1360,
                      "children": [
                        {
                          "kind": 99,
                          "start": 1353,
                          "end": 1360,
                          "text": "'hello'",
                          "children": []
                        }
                      ]
                    },
                    {
                      "kind": 43,
                      "start": 1564,
                      "end": 1591,
                      "text": "get",
                      "children": [
                        {
                          "kind": 62,
                          "start": 1577,
                          "end": 1582,
                          "text": "field",
                          "children": []
                        },
                        {
                          "kind": 71,
                          "start": 1582,
                          "end": 1584,
                          "children": []
                        },
                        {
                          "kind": 88,
                          "start": 1585,
                          "end": 1591,
                          "text": "String",
                          "children": []
                        }
                      ]
                    },
                    {
                      "kind": 81,
                      "start": 1596,
                      "end": 1633,
                      "text": "set",
                      "children": [
                        {
                          "kind": 62,
                          "start": 1609,
                          "end": 1614,
                          "text": "field",
                          "children": []
                        },
                        {
                          "kind": 71,
                          "start": 1614,
                          "end": 1628,
                          "children": [
                            {
                              "kind": 70,
                              "start": 1615,
                              "end": 1627,
                              "children": [
                                {
                                  "kind": 63,
                                  "start": 1615,
                                  "end": 1627,
                                  "children": [
                                    {
                                      "kind": 62,
                                      "start": 1615,
                                      "end": 1620,
                                      "text": "value",
                                      "children": []
                                    },
                                    {
                                      "kind": 88,
                                      "start": 1621,
                                      "end": 1627,
                                      "text": "String",
                                      "children": []
                                    },
                                    null
                                  ]
                                }
                              ]
                            }
                          ]
                        },
                        {
                          "kind": 88,
                          "start": 1629,
                          "end": 1633,
                          "text": "void",
                          "children": []
                        }
                      ]
                    },
                    {
                      "kind": 81,
                      "start": 1702,
                      "end": 1739,
                      "text": "set",
                      "children": [
                        {
                          "kind": 62,
                          "start": 1715,
                          "end": 1721,
                          "text": "groups",
                          "children": []
                        },
                        {
                          "kind": 71,
                          "start": 1721,
                          "end": 1734,
                          "children": [
                            {
                              "kind": 70,
                              "start": 1722,
                              "end": 1733,
                              "children": [
                                {
                                  "kind": 63,
                                  "start": 1722,
                                  "end": 1733,
                                  "children": [
                                    {
                                      "kind": 62,
                                      "start": 1722,
                                      "end": 1727,
                                      "text": "value",
                                      "children": []
                                    },
                                    {
                                      "kind": 88,
                                      "start": 1728,
                                      "end": 1733,
                                      "text": "Array",
                                      "children": []
                                    },
                                    null
                                  ]
                                }
                              ]
                            }
                          ]
                        },
                        {
                          "kind": 88,
                          "start": 1735,
                          "end": 1739,
                          "text": "void",
                          "children": []
                        }
                      ]
                    },
                    {
                      "kind": 43,
                      "start": 1744,
                      "end": 1771,
                      "text": "get",
                      "children": [
                        {
                          "kind": 62,
                          "start": 1757,
                          "end": 1763,
                          "text": "groups",
                          "children": []
                        },
                        {
                          "kind": 71,
                          "start": 1763,
                          "end": 1765,
                          "children": []
                        },
                        {
                          "kind": 88,
                          "start": 1766,
                          "end": 1771,
                          "text": "Array",
                          "children": []
                        }
                      ]
                    },
                    {
                      "kind": 42,
                      "start": 1870,
                      "end": 1907,
                      "text": "function",
                      "children": [
                        {
                          "kind": 62,
                          "start": 1879,
                          "end": 1887,
                          "text": "validate",
                          "children": []
                        },
                        {
                          "kind": 71,
                          "start": 1887,
                          "end": 1902,
                          "children": [
                            {
                              "kind": 70,
                              "start": 1888,
                              "end": 1901,
                              "children": [
                                {
                                  "kind": 63,
                                  "start": 1888,
                                  "end": 1901,
                                  "children": [
                                    {
                                      "kind": 62,
                                      "start": 1888,
                                      "end": 1894,
                                      "text": "target",
                                      "children": []
                                    },
                                    {
                                      "kind": 88,
                                      "start": 1895,
                                      "end": 1901,
                                      "text": "Object",
                                      "children": []
                                    },
                                    null
                                  ]
                                }
                              ]
                            }
                          ]
                        },
                        {
                          "kind": 88,
                          "start": 1903,
                          "end": 1907,
                          "text": "void",
                          "children": []
                        }
                      ]
                    },
                    {
                      "kind": 42,
                      "start": 2010,
                      "end": 2037,
                      "text": "function",
                      "children": [
                        {
                          "kind": 62,
                          "start": 2019,
                          "end": 2024,
                          "text": "clone",
                          "children": []
                        },
                        {
                          "kind": 71,
                          "start": 2024,
                          "end": 2026,
                          "children": []
                        },
                        {
                          "kind": 88,
                          "start": 2027,
                          "end": 2037,
                          "text": "Constraint",
                          "children": []
                        }
                      ]
                    }
                  ]
                }
              ]
            }
          ]
        }
      ]
    },
    {
      "kind": 25,
      "start": 2045,
      "end": -1,
      "children": []
    }
  ]
}